→ Slicing 62 subset packs from /home/bepis/prog/SimpleBot/repos/self-hosted-creature-collect/data/BundledData-if2
  [1/62] gen-2: 121 MB (147s elapsed)
  [2/62] gen-1: 346 MB (223s elapsed)
  [3/62] gen-2-fam: 283 MB (272s elapsed)
  [4/62] gen-1-fam: 498 MB (358s elapsed)
  [5/62] gen-4: 82 MB (424s elapsed)
  [6/62] gen-3: 201 MB (433s elapsed)
  [7/62] gen-5: 49 MB (533s elapsed)
  [8/62] gen-3-fam: 232 MB (534s elapsed)
  [9/62] gen-5-fam: 49 MB (553s elapsed)
  [10/62] gen-4-fam: 190 MB (649s elapsed)
  [11/62] gen-1-2: 830 MB (977s elapsed)
  [12/62] gen-1-2-fam: 1009 MB (1082s elapsed)
  [13/62] gen-1-3: 981 MB (1319s elapsed)
  [14/62] gen-1-3-fam: 1281 MB (1461s elapsed)
  [15/62] gen-1-4: 712 MB (1532s elapsed)
  [16/62] gen-1-4-fam: 955 MB (1825s elapsed)
  [17/62] gen-1-5: 611 MB (1890s elapsed)
  [18/62] gen-2-3: 574 MB (2036s elapsed)
  [19/62] gen-1-5-fam: 796 MB (2131s elapsed)
  [20/62] gen-2-4: 370 MB (2274s elapsed)
  [21/62] gen-2-5: 299 MB (2511s elapsed)
  [22/62] gen-2-4-fam: 622 MB (2567s elapsed)
  [23/62] gen-2-3-fam: 910 MB (2572s elapsed)
  [24/62] gen-2-5-fam: 526 MB (2777s elapsed)
  [25/62] gen-3-4: 469 MB (2985s elapsed)
  [26/62] gen-3-5: 395 MB (2993s elapsed)
  [27/62] gen-3-4-fam: 649 MB (3100s elapsed)
  [28/62] gen-3-5-fam: 438 MB (3181s elapsed)
  [29/62] gen-4-5: 223 MB (3290s elapsed)
  [30/62] gen-4-5-fam: 386 MB (3432s elapsed)
  [31/62] gen-1-2-3: 1710 MB (4075s elapsed)
  [32/62] gen-1-2-4: 1356 MB (4118s elapsed)
  [33/62] gen-1-2-3-fam: 2007 MB (4248s elapsed)
  [34/62] gen-1-2-4-fam: 1462 MB (4381s elapsed)
  [35/62] gen-1-2-5: 1218 MB (4861s elapsed)
  [36/62] gen-1-2-5-fam: 1425 MB (5069s elapsed)
  [37/62] gen-1-3-4: 1505 MB (5221s elapsed)
  [38/62] gen-1-3-4-fam: 1780 MB (5472s elapsed)
  [39/62] gen-1-3-5: 1363 MB (5693s elapsed)
  [40/62] gen-1-4-5: 1044 MB (6003s elapsed)
  [41/62] gen-1-3-5-fam: 1715 MB (6130s elapsed)
  [42/62] gen-2-3-4: 996 MB (6384s elapsed)
  [43/62] gen-1-4-5-fam: 1335 MB (6403s elapsed)
  [44/62] gen-2-3-5: 883 MB (6840s elapsed)
  [45/62] gen-2-3-4-fam: 1294 MB (6910s elapsed)
  [46/62] gen-2-4-5: 628 MB (6985s elapsed)
  [47/62] gen-2-3-5-fam: 1288 MB (7220s elapsed)
  [48/62] gen-3-4-5: 752 MB (7529s elapsed)
  [49/62] gen-2-4-5-fam: 944 MB (7596s elapsed)
  [50/62] gen-3-4-5-fam: 976 MB (7736s elapsed)
  [51/62] gen-1-2-3-4: 2387 MB (8411s elapsed)
  [52/62] gen-1-2-3-4-fam: 2405 MB (8717s elapsed)
  [53/62] gen-1-2-3-5: 2207 MB (8843s elapsed)
  [54/62] gen-1-2-3-5-fam: 2543 MB (9080s elapsed)
  [55/62] gen-1-2-4-5: 1804 MB (9412s elapsed)
  [56/62] gen-1-2-4-5-fam: 1926 MB (9768s elapsed)
  [57/62] gen-1-3-4-5: 1975 MB (9985s elapsed)
  [58/62] gen-2-3-4-5: 1393 MB (10248s elapsed)
  [59/62] gen-1-3-4-5-fam: 2288 MB (10339s elapsed)
  [60/62] gen-2-3-4-5-fam: 1740 MB (10838s elapsed)
  [61/62] gen-1-2-3-4-5: 2971 MB (11473s elapsed)
  [62/62] gen-1-2-3-4-5-fam: 2991 MB (11599s elapsed)
✓ 62 subset packs → /home/bepis/prog/SimpleBot/repos/self-hosted-creature-collect/packs/creature-if2
