→ Slicing 31 subset packs from /home/bepis/prog/SimpleBot/repos/self-hosted-creature-collect/data/BundledData-if2
  [1/31] gen-5: 30 MB (45s elapsed)
  [2/31] gen-2: 76 MB (52s elapsed)
  [3/31] gen-4: 46 MB (55s elapsed)
  [4/31] gen-1: 216 MB (85s elapsed)
  [5/31] gen-3: 141 MB (120s elapsed)
  [6/31] gen-2-5: 191 MB (137s elapsed)
  [7/31] gen-2-4: 230 MB (145s elapsed)
  [8/31] gen-4-5: 138 MB (162s elapsed)
  [9/31] gen-1-2: 531 MB (169s elapsed)
  [10/31] gen-1-5: 389 MB (203s elapsed)
  [11/31] gen-1-4: 444 MB (216s elapsed)
  [12/31] gen-2-3: 398 MB (221s elapsed)
  [13/31] gen-3-5: 278 MB (224s elapsed)
  [14/31] gen-3-4: 322 MB (231s elapsed)
  [15/31] gen-1-3: 666 MB (299s elapsed)
  [16/31] gen-2-4-5: 403 MB (428s elapsed)
  [17/31] gen-1-2-5: 788 MB (432s elapsed)
  [18/31] gen-1-2-4: 865 MB (449s elapsed)
  [19/31] gen-1-4-5: 671 MB (451s elapsed)
  [20/31] gen-1-2-3-4-5: 2106 MB (468s elapsed)
  [21/31] gen-3-4-5: 519 MB (469s elapsed)
  [22/31] gen-2-3-5: 616 MB (478s elapsed)
  [23/31] gen-2-3-4: 681 MB (499s elapsed)
  [24/31] gen-1-2-3: 1160 MB (512s elapsed)
  [25/31] gen-1-3-4: 1018 MB (525s elapsed)
  [26/31] gen-1-3-5: 937 MB (532s elapsed)
  [27/31] gen-1-2-3-4: 1614 MB (750s elapsed)
  [28/31] gen-2-3-4-5: 958 MB (787s elapsed)
  [29/31] gen-1-2-3-5: 1511 MB (799s elapsed)
  [30/31] gen-1-2-4-5: 1172 MB (838s elapsed)
  [31/31] gen-1-3-4-5: 1349 MB (866s elapsed)
✓ 31 subset packs → /home/bepis/prog/SimpleBot/repos/self-hosted-creature-collect/packs/creature-if2
